#Packing pin usage report
Type: io
	Input Pin Usage:
		Max: 1.00 (0.50)
		Avg: 0.70 (0.35)
		Min: 0.00 (0.00)
		Histogram:
		[        0:      0.2)  52 ( 29.9%) |********************
		[      0.2:      0.4)   0 (  0.0%) |
		[      0.4:      0.6)   0 (  0.0%) |
		[      0.6:      0.8)   0 (  0.0%) |
		[      0.8:        1) 122 ( 70.1%) |***********************************************
		[        1:      1.2)   0 (  0.0%) |
		[      1.2:      1.4)   0 (  0.0%) |
		[      1.4:      1.6)   0 (  0.0%) |
		[      1.6:      1.8)   0 (  0.0%) |
		[      1.8:        2)   0 (  0.0%) |
	Output Pin Usage:
		Max: 1.00 (1.00)
		Avg: 0.30 (0.30)
		Min: 0.00 (0.00)
		Histogram:
		[        0:      0.1) 122 ( 70.1%) |***********************************************
		[      0.1:      0.2)   0 (  0.0%) |
		[      0.2:      0.3)   0 (  0.0%) |
		[      0.3:      0.4)   0 (  0.0%) |
		[      0.4:      0.5)   0 (  0.0%) |
		[      0.5:      0.6)   0 (  0.0%) |
		[      0.6:      0.7)   0 (  0.0%) |
		[      0.7:      0.8)   0 (  0.0%) |
		[      0.8:      0.9)   0 (  0.0%) |
		[      0.9:        1)  52 ( 29.9%) |********************

Type: clb
	Input Pin Usage:
		Max: 30.00 (0.73)
		Avg: 18.23 (0.44)
		Min: 3.00 (0.07)
		Histogram:
		[        0:      4.1)  2 (  3.1%) |*****
		[      4.1:      8.2)  1 (  1.6%) |***
		[      8.2:       12)  9 ( 14.1%) |************************
		[       12:       16) 14 ( 21.9%) |*************************************
		[       16:       20) 10 ( 15.6%) |***************************
		[       20:       25) 18 ( 28.1%) |************************************************
		[       25:       29)  9 ( 14.1%) |************************
		[       29:       33)  1 (  1.6%) |***
		[       33:       37)  0 (  0.0%) |
		[       37:       41)  0 (  0.0%) |
	Output Pin Usage:
		Max: 12.00 (0.60)
		Avg: 8.95 (0.45)
		Min: 1.00 (0.05)
		Histogram:
		[        0:        2)  2 (  3.1%) |*****
		[        2:        4)  1 (  1.6%) |**
		[        4:        6)  7 ( 10.9%) |*****************
		[        6:        8) 17 ( 26.6%) |*****************************************
		[        8:       10) 17 ( 26.6%) |*****************************************
		[       10:       12) 20 ( 31.2%) |************************************************
		[       12:       14)  0 (  0.0%) |
		[       14:       16)  0 (  0.0%) |
		[       16:       18)  0 (  0.0%) |
		[       18:       20)  0 (  0.0%) |

